  Determining projects to restore...
  All projects are up-to-date for restore.
  Trading.Domain -> C:\VJ\ShareMarket\share-market\Trading.Domain\bin\Debug\net9.0\Trading.Domain.dll
  Trading.Application -> C:\VJ\ShareMarket\share-market\Trading.Application\bin\Debug\net9.0\Trading.Application.dll
  Trading.StrategyEngine -> C:\VJ\ShareMarket\share-market\Trading.StrategyEngine\bin\Debug\net9.0\Trading.StrategyEngine.dll
  Trading.Infrastructure -> C:\VJ\ShareMarket\share-market\Trading.Infrastructure\bin\Debug\net9.0\Trading.Infrastructure.dll
  Trading.Domain.Tests -> C:\VJ\ShareMarket\share-market\Trading.Domain.Tests\bin\Debug\net9.0\Trading.Domain.Tests.dll
C:\VJ\ShareMarket\share-market\Trading_UI\Components\_Imports.razor(11,16): error CS0234: The type or namespace name 'Application' does not exist in the namespace 'Trading_UI.Components.Trading' (are you missing an assembly reference?) [C:\VJ\ShareMarket\share-market\Trading_UI\Trading_UI.csproj]
C:\VJ\ShareMarket\share-market\Trading_UI\Components\_Imports.razor(11,16): error CS0234: The type or namespace name 'Application' does not exist in the namespace 'Trading_UI.Components.Trading' (are you missing an assembly reference?) [C:\VJ\ShareMarket\share-market\Trading_UI\Trading_UI.csproj]
C:\VJ\ShareMarket\share-market\Trading_UI\Components\_Imports.razor(11,16): error CS0234: The type or namespace name 'Application' does not exist in the namespace 'Trading_UI.Components.Trading' (are you missing an assembly reference?) [C:\VJ\ShareMarket\share-market\Trading_UI\Trading_UI.csproj]
C:\VJ\ShareMarket\share-market\Trading_UI\Components\_Imports.razor(11,16): error CS0234: The type or namespace name 'Application' does not exist in the namespace 'Trading_UI.Components.Trading' (are you missing an assembly reference?) [C:\VJ\ShareMarket\share-market\Trading_UI\Trading_UI.csproj]
C:\VJ\ShareMarket\share-market\Trading_UI\Components\_Imports.razor(11,16): error CS0234: The type or namespace name 'Application' does not exist in the namespace 'Trading_UI.Components.Trading' (are you missing an assembly reference?) [C:\VJ\ShareMarket\share-market\Trading_UI\Trading_UI.csproj]
